[     418ms] [ERROR] Failed to load resource: the server responded with a status of 404 (Not Found) @ http://localhost:7878/cdn-cgi/scripts/5c5dd728/cloudflare-static/email-decode.min.js:0
[     550ms] [INFO] %cDownload the React DevTools for a better development experience: https://react.dev/link/react-devtools font-weight:bold @ http://localhost:7878/_next/static/chunks/0iu7_next_dist_0sh9w3w._.js:2477
[     646ms] [LOG] [HMR] connected @ http://localhost:7878/_next/static/chunks/0iu7_next_dist_0sh9w3w._.js:2477
[     680ms] [ERROR] Failed to load resource: the server responded with a status of 404 (Not Found) @ http://localhost:7878/images/news-blog3.jpg:0
[     749ms] [WARNING] No <base> tag defined, Router may not work properly [computed base: http://localhost:7878/]. @ http://localhost:7878/_next/static/chunks/0iu7_next_dist_0sh9w3w._.js:2477
[     780ms] [ERROR] Failed to load resource: the server responded with a status of 404 (Not Found) @ http://localhost:7878/images/news-blog4.jpg:0
[     801ms] [ERROR] Failed to load resource: the server responded with a status of 404 (Not Found) @ http://localhost:7878/cdn-cgi/scripts/7d0fa10a/cloudflare-static/rocket-loader.min.js:0
[    1399ms] [WARNING] GSAP target  not found. https://greensock.com @ http://localhost:7878/_next/static/chunks/0iu7_next_dist_0sh9w3w._.js:2477
[    1411ms] [ERROR] Failed to load resource: the server responded with a status of 404 (Not Found) @ http://localhost:7878/cdn-cgi/rum?:0
[  183598ms] [LOG] [Fast Refresh] rebuilding @ http://localhost:7878/_next/static/chunks/0iu7_next_dist_0sh9w3w._.js:2477
[  183615ms] [LOG] [Fast Refresh] done in 119ms @ http://localhost:7878/_next/static/chunks/0iu7_next_dist_0sh9w3w._.js:2477
[  183938ms] [LOG] [Fast Refresh] rebuilding @ http://localhost:7878/_next/static/chunks/0iu7_next_dist_0sh9w3w._.js:2477
[  184005ms] [LOG] [Fast Refresh] done in 173ms @ http://localhost:7878/_next/static/chunks/0iu7_next_dist_0sh9w3w._.js:2477
[  184338ms] [LOG] [Fast Refresh] rebuilding @ http://localhost:7878/_next/static/chunks/0iu7_next_dist_0sh9w3w._.js:2477
[  184459ms] [LOG] [Fast Refresh] done in 223ms @ http://localhost:7878/_next/static/chunks/0iu7_next_dist_0sh9w3w._.js:2477
[  184835ms] [LOG] [Fast Refresh] rebuilding @ http://localhost:7878/_next/static/chunks/0iu7_next_dist_0sh9w3w._.js:2477
[  184867ms] [LOG] [Fast Refresh] done in 133ms @ http://localhost:7878/_next/static/chunks/0iu7_next_dist_0sh9w3w._.js:2477
[  187147ms] [LOG] [Fast Refresh] rebuilding @ http://localhost:7878/_next/static/chunks/0iu7_next_dist_0sh9w3w._.js:2477
[  187225ms] [LOG] [Fast Refresh] done in 183ms @ http://localhost:7878/_next/static/chunks/0iu7_next_dist_0sh9w3w._.js:2477
[  187471ms] [LOG] [Fast Refresh] rebuilding @ http://localhost:7878/_next/static/chunks/0iu7_next_dist_0sh9w3w._.js:2477
[  188242ms] [LOG] [Fast Refresh] done in 881ms @ http://localhost:7878/_next/static/chunks/0iu7_next_dist_0sh9w3w._.js:2477
[  188439ms] [LOG] [Fast Refresh] rebuilding @ http://localhost:7878/_next/static/chunks/0iu7_next_dist_0sh9w3w._.js:2477
[  188734ms] [LOG] [Fast Refresh] done in 397ms @ http://localhost:7878/_next/static/chunks/0iu7_next_dist_0sh9w3w._.js:2477
[  209491ms] [LOG] [Fast Refresh] rebuilding @ http://localhost:7878/_next/static/chunks/0iu7_next_dist_0sh9w3w._.js:2477
[  210844ms] [LOG] [Fast Refresh] done in 1453ms @ http://localhost:7878/_next/static/chunks/0iu7_next_dist_0sh9w3w._.js:2477
[  214326ms] [LOG] [Fast Refresh] rebuilding @ http://localhost:7878/_next/static/chunks/0iu7_next_dist_0sh9w3w._.js:2477
[  216114ms] [LOG] [Fast Refresh] done in 1891ms @ http://localhost:7878/_next/static/chunks/0iu7_next_dist_0sh9w3w._.js:2477
