[     222ms] [ERROR] Failed to load resource: the server responded with a status of 404 (Not Found) @ http://localhost:7878/cdn-cgi/scripts/5c5dd728/cloudflare-static/email-decode.min.js:0
[     283ms] [INFO] %cDownload the React DevTools for a better development experience: https://react.dev/link/react-devtools font-weight:bold @ http://localhost:7878/_next/static/chunks/0iu7_next_dist_0sh9w3w._.js:2477
[     311ms] [LOG] [HMR] connected @ http://localhost:7878/_next/static/chunks/0iu7_next_dist_0sh9w3w._.js:2477
[     324ms] [ERROR] Failed to load resource: the server responded with a status of 404 (Not Found) @ http://localhost:7878/cdn-cgi/scripts/7d0fa10a/cloudflare-static/rocket-loader.min.js:0
[     511ms] [ERROR] Failed to load resource: the server responded with a status of 404 (Not Found) @ http://localhost:7878/cdn-cgi/rum?:0
[     714ms] [WARNING] No <base> tag defined, Router may not work properly [computed base: http://localhost:7878/]. @ http://localhost:7878/_next/static/chunks/0iu7_next_dist_0sh9w3w._.js:2477
[    1123ms] [WARNING] GSAP target  not found. https://greensock.com @ http://localhost:7878/_next/static/chunks/0iu7_next_dist_0sh9w3w._.js:2477
[   73090ms] [ERROR] Failed to load resource: the server responded with a status of 404 (Not Found) @ http://localhost:7878/cdn-cgi/scripts/5c5dd728/cloudflare-static/email-decode.min.js:0
[   73166ms] [INFO] %cDownload the React DevTools for a better development experience: https://react.dev/link/react-devtools font-weight:bold @ http://localhost:7878/_next/static/chunks/0iu7_next_dist_0sh9w3w._.js:2477
[   73182ms] [LOG] [HMR] connected @ http://localhost:7878/_next/static/chunks/0iu7_next_dist_0sh9w3w._.js:2477
[   73279ms] [ERROR] Failed to load resource: the server responded with a status of 404 (Not Found) @ http://localhost:7878/cdn-cgi/scripts/7d0fa10a/cloudflare-static/rocket-loader.min.js:0
[   74618ms] [LOG] [Fast Refresh] rebuilding @ http://localhost:7878/_next/static/chunks/0iu7_next_dist_0sh9w3w._.js:2477
[   74627ms] [LOG] [Fast Refresh] done in 116ms @ http://localhost:7878/_next/static/chunks/0iu7_next_dist_0sh9w3w._.js:2477
[   74631ms] [ERROR] Failed to load resource: the server responded with a status of 404 (Not Found) @ http://localhost:7878/cdn-cgi/rum?:0
[   74686ms] [WARNING] No <base> tag defined, Router may not work properly [computed base: http://localhost:7878/]. @ http://localhost:7878/_next/static/chunks/0iu7_next_dist_0sh9w3w._.js:2477
[   74986ms] [WARNING] GSAP target  not found. https://greensock.com @ http://localhost:7878/_next/static/chunks/0iu7_next_dist_0sh9w3w._.js:2477
[  125096ms] [LOG] [Fast Refresh] rebuilding @ http://localhost:7878/_next/static/chunks/0iu7_next_dist_0sh9w3w._.js:2477
[  125097ms] [LOG] [Fast Refresh] done in 104ms @ http://localhost:7878/_next/static/chunks/0iu7_next_dist_0sh9w3w._.js:2477
[  930823ms] [ERROR] Failed to load resource: the server responded with a status of 404 (Not Found) @ http://localhost:7878/cdn-cgi/scripts/5c5dd728/cloudflare-static/email-decode.min.js:0
[  930914ms] [INFO] %cDownload the React DevTools for a better development experience: https://react.dev/link/react-devtools font-weight:bold @ http://localhost:7878/_next/static/chunks/0iu7_next_dist_0sh9w3w._.js:2477
[  930993ms] [LOG] [HMR] connected @ http://localhost:7878/_next/static/chunks/0iu7_next_dist_0sh9w3w._.js:2477
[  931017ms] [ERROR] Failed to load resource: the server responded with a status of 404 (Not Found) @ http://localhost:7878/cdn-cgi/scripts/7d0fa10a/cloudflare-static/rocket-loader.min.js:0
[  931932ms] [WARNING] No <base> tag defined, Router may not work properly [computed base: http://localhost:7878/]. @ http://localhost:7878/_next/static/chunks/0iu7_next_dist_0sh9w3w._.js:2477
[  931958ms] [LOG] [Fast Refresh] rebuilding @ http://localhost:7878/_next/static/chunks/0iu7_next_dist_0sh9w3w._.js:2477
[  931963ms] [LOG] [Fast Refresh] done in 107ms @ http://localhost:7878/_next/static/chunks/0iu7_next_dist_0sh9w3w._.js:2477
[  931969ms] [ERROR] Failed to load resource: the server responded with a status of 404 (Not Found) @ http://localhost:7878/cdn-cgi/rum?:0
[  932210ms] [WARNING] GSAP target  not found. https://greensock.com @ http://localhost:7878/_next/static/chunks/0iu7_next_dist_0sh9w3w._.js:2477
