[     561ms] [ERROR] Failed to load resource: the server responded with a status of 404 (Not Found) @ http://localhost:7878/cdn-cgi/scripts/5c5dd728/cloudflare-static/email-decode.min.js:0
[     793ms] [ERROR] Failed to load resource: the server responded with a status of 404 (Not Found) @ http://localhost:7878/cdn-cgi/scripts/7d0fa10a/cloudflare-static/rocket-loader.min.js:0
[     962ms] [INFO] %cDownload the React DevTools for a better development experience: https://react.dev/link/react-devtools font-weight:bold @ http://localhost:7878/_next/static/chunks/0iu7_next_dist_0sh9w3w._.js:2477
[    1124ms] [LOG] [HMR] connected @ http://localhost:7878/_next/static/chunks/0iu7_next_dist_0sh9w3w._.js:2477
[    1412ms] [ERROR] Failed to load resource: the server responded with a status of 404 (Not Found) @ http://localhost:7878/cdn-cgi/rum?:0
[    1705ms] [WARNING] No <base> tag defined, Router may not work properly [computed base: http://localhost:7878/]. @ http://localhost:7878/_next/static/chunks/0iu7_next_dist_0sh9w3w._.js:2477
[    2051ms] [WARNING] GSAP target  not found. https://greensock.com @ http://localhost:7878/_next/static/chunks/0iu7_next_dist_0sh9w3w._.js:2477
[   59641ms] [LOG] [Fast Refresh] rebuilding @ http://localhost:7878/_next/static/chunks/0iu7_next_dist_0sh9w3w._.js:2477
[   59751ms] [LOG] [Fast Refresh] done in 212ms @ http://localhost:7878/_next/static/chunks/0iu7_next_dist_0sh9w3w._.js:2477
[   63218ms] [LOG] [Fast Refresh] rebuilding @ http://localhost:7878/_next/static/chunks/0iu7_next_dist_0sh9w3w._.js:2477
[   63302ms] [LOG] [Fast Refresh] done in 187ms @ http://localhost:7878/_next/static/chunks/0iu7_next_dist_0sh9w3w._.js:2477
[   64005ms] [ERROR] Failed to load resource: the server responded with a status of 404 (Not Found) @ http://localhost:7878/cdn-cgi/scripts/5c5dd728/cloudflare-static/email-decode.min.js:0
[   64153ms] [INFO] %cDownload the React DevTools for a better development experience: https://react.dev/link/react-devtools font-weight:bold @ http://localhost:7878/_next/static/chunks/0iu7_next_dist_0sh9w3w._.js:2477
[   64221ms] [LOG] [HMR] connected @ http://localhost:7878/_next/static/chunks/0iu7_next_dist_0sh9w3w._.js:2477
[   64357ms] [LOG] [Fast Refresh] rebuilding @ http://localhost:7878/_next/static/chunks/0iu7_next_dist_0sh9w3w._.js:2477
[   64919ms] [LOG] [Fast Refresh] done in 664ms @ http://localhost:7878/_next/static/chunks/0iu7_next_dist_0sh9w3w._.js:2477
[   64993ms] [ERROR] Failed to load resource: the server responded with a status of 404 (Not Found) @ http://localhost:7878/cdn-cgi/scripts/7d0fa10a/cloudflare-static/rocket-loader.min.js:0
[   66064ms] [LOG] [Fast Refresh] rebuilding @ http://localhost:7878/_next/static/chunks/0iu7_next_dist_0sh9w3w._.js:2477
[   66136ms] [LOG] [Fast Refresh] done in 181ms @ http://localhost:7878/_next/static/chunks/0iu7_next_dist_0sh9w3w._.js:2477
[   66145ms] [ERROR] Failed to load resource: the server responded with a status of 404 (Not Found) @ http://localhost:7878/cdn-cgi/rum?:0
[   66269ms] [WARNING] No <base> tag defined, Router may not work properly [computed base: http://localhost:7878/]. @ http://localhost:7878/_next/static/chunks/0iu7_next_dist_0sh9w3w._.js:2477
[   66730ms] [WARNING] GSAP target  not found. https://greensock.com @ http://localhost:7878/_next/static/chunks/0iu7_next_dist_0sh9w3w._.js:2477
[  198680ms] [LOG] [Fast Refresh] rebuilding @ http://localhost:7878/_next/static/chunks/0iu7_next_dist_0sh9w3w._.js:2477
[  198681ms] [LOG] [Fast Refresh] done in 102ms @ http://localhost:7878/_next/static/chunks/0iu7_next_dist_0sh9w3w._.js:2477
[  329849ms] [LOG] [Fast Refresh] rebuilding @ http://localhost:7878/_next/static/chunks/0iu7_next_dist_0sh9w3w._.js:2477
[  329891ms] [LOG] [Fast Refresh] done in 149ms @ http://localhost:7878/_next/static/chunks/0iu7_next_dist_0sh9w3w._.js:2477
[  330518ms] [ERROR] Failed to load resource: the server responded with a status of 404 (Not Found) @ http://localhost:7878/cdn-cgi/scripts/5c5dd728/cloudflare-static/email-decode.min.js:0
[  330657ms] [INFO] %cDownload the React DevTools for a better development experience: https://react.dev/link/react-devtools font-weight:bold @ http://localhost:7878/_next/static/chunks/0iu7_next_dist_0sh9w3w._.js:2477
[  330766ms] [LOG] [HMR] connected @ http://localhost:7878/_next/static/chunks/0iu7_next_dist_0sh9w3w._.js:2477
[  330799ms] [ERROR] Failed to load resource: the server responded with a status of 404 (Not Found) @ http://localhost:7878/cdn-cgi/scripts/7d0fa10a/cloudflare-static/rocket-loader.min.js:0
[  331637ms] [LOG] [Fast Refresh] rebuilding @ http://localhost:7878/_next/static/chunks/0iu7_next_dist_0sh9w3w._.js:2477
[  331733ms] [LOG] [Fast Refresh] done in 196ms @ http://localhost:7878/_next/static/chunks/0iu7_next_dist_0sh9w3w._.js:2477
[  331962ms] [WARNING] No <base> tag defined, Router may not work properly [computed base: http://localhost:7878/]. @ http://localhost:7878/_next/static/chunks/0iu7_next_dist_0sh9w3w._.js:2477
[  332339ms] [WARNING] GSAP target  not found. https://greensock.com @ http://localhost:7878/_next/static/chunks/0iu7_next_dist_0sh9w3w._.js:2477
[  332359ms] [ERROR] Failed to load resource: the server responded with a status of 404 (Not Found) @ http://localhost:7878/cdn-cgi/rum?:0
[  433749ms] [LOG] [Fast Refresh] rebuilding @ http://localhost:7878/_next/static/chunks/0iu7_next_dist_0sh9w3w._.js:2477
[  434139ms] [LOG] [Fast Refresh] done in 454ms @ http://localhost:7878/_next/static/chunks/0iu7_next_dist_0sh9w3w._.js:2477
[  574588ms] [LOG] [Fast Refresh] rebuilding @ http://localhost:7878/_next/static/chunks/0iu7_next_dist_0sh9w3w._.js:2477
[  574627ms] [LOG] [Fast Refresh] done in 139ms @ http://localhost:7878/_next/static/chunks/0iu7_next_dist_0sh9w3w._.js:2477
[  575257ms] [ERROR] Failed to load resource: the server responded with a status of 404 (Not Found) @ http://localhost:7878/cdn-cgi/scripts/5c5dd728/cloudflare-static/email-decode.min.js:0
[  575458ms] [INFO] %cDownload the React DevTools for a better development experience: https://react.dev/link/react-devtools font-weight:bold @ http://localhost:7878/_next/static/chunks/0iu7_next_dist_0sh9w3w._.js:2477
[  575570ms] [LOG] [HMR] connected @ http://localhost:7878/_next/static/chunks/0iu7_next_dist_0sh9w3w._.js:2477
[  575611ms] [ERROR] Failed to load resource: the server responded with a status of 404 (Not Found) @ http://localhost:7878/cdn-cgi/scripts/7d0fa10a/cloudflare-static/rocket-loader.min.js:0
[  576406ms] [LOG] [Fast Refresh] rebuilding @ http://localhost:7878/_next/static/chunks/0iu7_next_dist_0sh9w3w._.js:2477
[  576476ms] [LOG] [Fast Refresh] done in 179ms @ http://localhost:7878/_next/static/chunks/0iu7_next_dist_0sh9w3w._.js:2477
[  576493ms] [ERROR] Failed to load resource: the server responded with a status of 404 (Not Found) @ http://localhost:7878/cdn-cgi/rum?:0
[  576693ms] [WARNING] No <base> tag defined, Router may not work properly [computed base: http://localhost:7878/]. @ http://localhost:7878/_next/static/chunks/0iu7_next_dist_0sh9w3w._.js:2477
[  577066ms] [WARNING] GSAP target  not found. https://greensock.com @ http://localhost:7878/_next/static/chunks/0iu7_next_dist_0sh9w3w._.js:2477
[  745217ms] [ERROR] Failed to load resource: the server responded with a status of 404 (Not Found) @ http://localhost:7878/cdn-cgi/scripts/5c5dd728/cloudflare-static/email-decode.min.js:0
[  745363ms] [INFO] %cDownload the React DevTools for a better development experience: https://react.dev/link/react-devtools font-weight:bold @ http://localhost:7878/_next/static/chunks/0iu7_next_dist_0sh9w3w._.js:2477
[  745490ms] [LOG] [HMR] connected @ http://localhost:7878/_next/static/chunks/0iu7_next_dist_0sh9w3w._.js:2477
[  745528ms] [ERROR] Failed to load resource: the server responded with a status of 404 (Not Found) @ http://localhost:7878/cdn-cgi/scripts/7d0fa10a/cloudflare-static/rocket-loader.min.js:0
[  746508ms] [LOG] [Fast Refresh] rebuilding @ http://localhost:7878/_next/static/chunks/0iu7_next_dist_0sh9w3w._.js:2477
[  746620ms] [LOG] [Fast Refresh] done in 214ms @ http://localhost:7878/_next/static/chunks/0iu7_next_dist_0sh9w3w._.js:2477
[  746634ms] [ERROR] Failed to load resource: the server responded with a status of 404 (Not Found) @ http://localhost:7878/cdn-cgi/rum?:0
[  746683ms] [WARNING] No <base> tag defined, Router may not work properly [computed base: http://localhost:7878/]. @ http://localhost:7878/_next/static/chunks/0iu7_next_dist_0sh9w3w._.js:2477
[  747193ms] [WARNING] GSAP target  not found. https://greensock.com @ http://localhost:7878/_next/static/chunks/0iu7_next_dist_0sh9w3w._.js:2477
[  760102ms] [LOG] [Fast Refresh] rebuilding @ http://localhost:7878/_next/static/chunks/0iu7_next_dist_0sh9w3w._.js:2477
[  760489ms] [LOG] [Fast Refresh] done in 474ms @ http://localhost:7878/_next/static/chunks/0iu7_next_dist_0sh9w3w._.js:2477
