[     231ms] [LOG] [Fast Refresh] rebuilding @ http://localhost:7878/_next/static/chunks/0iu7_next_dist_0sh9w3w._.js:2477
[    1105ms] [LOG] [Fast Refresh] done in 978ms @ http://localhost:7878/_next/static/chunks/0iu7_next_dist_0sh9w3w._.js:2477
[    4375ms] [ERROR] Failed to load resource: the server responded with a status of 404 (Not Found) @ http://localhost:7878/cdn-cgi/scripts/5c5dd728/cloudflare-static/email-decode.min.js:0
[    4389ms] [INFO] %cDownload the React DevTools for a better development experience: https://react.dev/link/react-devtools font-weight:bold @ http://localhost:7878/_next/static/chunks/0iu7_next_dist_0sh9w3w._.js:2477
[    4545ms] [LOG] [HMR] connected @ http://localhost:7878/_next/static/chunks/0iu7_next_dist_0sh9w3w._.js:2477
[    4946ms] [WARNING] No <base> tag defined, Router may not work properly [computed base: http://localhost:7878/]. @ http://localhost:7878/_next/static/chunks/0iu7_next_dist_0sh9w3w._.js:2477
[    5652ms] [WARNING] GSAP target  not found. https://greensock.com @ http://localhost:7878/_next/static/chunks/0iu7_next_dist_0sh9w3w._.js:2477
[    5706ms] [ERROR] Failed to load resource: the server responded with a status of 404 (Not Found) @ http://localhost:7878/images/news-blog3.jpg:0
[    5871ms] [LOG] [Fast Refresh] rebuilding @ http://localhost:7878/_next/static/chunks/0iu7_next_dist_0sh9w3w._.js:2477
[    5979ms] [ERROR] Failed to load resource: the server responded with a status of 404 (Not Found) @ http://localhost:7878/images/news-blog4.jpg:0
[    6106ms] [LOG] [Fast Refresh] done in 336ms @ http://localhost:7878/_next/static/chunks/0iu7_next_dist_0sh9w3w._.js:2477
[    6204ms] [ERROR] Failed to load resource: the server responded with a status of 404 (Not Found) @ http://localhost:7878/cdn-cgi/scripts/7d0fa10a/cloudflare-static/rocket-loader.min.js:0
[    6787ms] [ERROR] Failed to load resource: the server responded with a status of 404 (Not Found) @ http://localhost:7878/cdn-cgi/rum?:0
[   43300ms] [LOG] [Fast Refresh] rebuilding @ http://localhost:7878/_next/static/chunks/0iu7_next_dist_0sh9w3w._.js:2477
[   43356ms] [LOG] [Fast Refresh] done in 158ms @ http://localhost:7878/_next/static/chunks/0iu7_next_dist_0sh9w3w._.js:2477
[   44488ms] [ERROR] Failed to load resource: the server responded with a status of 404 (Not Found) @ http://localhost:7878/cdn-cgi/scripts/5c5dd728/cloudflare-static/email-decode.min.js:0
[   44734ms] [INFO] %cDownload the React DevTools for a better development experience: https://react.dev/link/react-devtools font-weight:bold @ http://localhost:7878/_next/static/chunks/0iu7_next_dist_0sh9w3w._.js:2477
[   44994ms] [LOG] [HMR] connected @ http://localhost:7878/_next/static/chunks/0iu7_next_dist_0sh9w3w._.js:2477
[   45026ms] [ERROR] Failed to load resource: the server responded with a status of 404 (Not Found) @ http://localhost:7878/images/news-blog3.jpg:0
[   45291ms] [WARNING] No <base> tag defined, Router may not work properly [computed base: http://localhost:7878/]. @ http://localhost:7878/_next/static/chunks/0iu7_next_dist_0sh9w3w._.js:2477
[   45648ms] [WARNING] GSAP target  not found. https://greensock.com @ http://localhost:7878/_next/static/chunks/0iu7_next_dist_0sh9w3w._.js:2477
[   45675ms] [ERROR] Failed to load resource: the server responded with a status of 404 (Not Found) @ http://localhost:7878/images/news-blog4.jpg:0
[   45803ms] [ERROR] Failed to load resource: the server responded with a status of 404 (Not Found) @ http://localhost:7878/cdn-cgi/scripts/7d0fa10a/cloudflare-static/rocket-loader.min.js:0
[   46489ms] [LOG] [Fast Refresh] rebuilding @ http://localhost:7878/_next/static/chunks/0iu7_next_dist_0sh9w3w._.js:2477
[   47810ms] [LOG] [Fast Refresh] done in 1436ms @ http://localhost:7878/_next/static/chunks/0iu7_next_dist_0sh9w3w._.js:2477
[   47873ms] [ERROR] Failed to load resource: the server responded with a status of 404 (Not Found) @ http://localhost:7878/cdn-cgi/rum?:0
[  538680ms] [LOG] [Fast Refresh] rebuilding @ http://localhost:7878/_next/static/chunks/0iu7_next_dist_0sh9w3w._.js:2477
[  538738ms] [LOG] [Fast Refresh] done in 159ms @ http://localhost:7878/_next/static/chunks/0iu7_next_dist_0sh9w3w._.js:2477
[  539633ms] [INFO] %cDownload the React DevTools for a better development experience: https://react.dev/link/react-devtools font-weight:bold @ http://localhost:7878/_next/static/chunks/0iu7_next_dist_0sh9w3w._.js:2477
[  539733ms] [LOG] [HMR] connected @ http://localhost:7878/_next/static/chunks/0iu7_next_dist_0sh9w3w._.js:2477
[  540157ms] [WARNING] No <base> tag defined, Router may not work properly [computed base: http://localhost:7878/]. @ http://localhost:7878/_next/static/chunks/0iu7_next_dist_0sh9w3w._.js:2477
[  540429ms] [WARNING] GSAP target  not found. https://greensock.com @ http://localhost:7878/_next/static/chunks/0iu7_next_dist_0sh9w3w._.js:2477
[  563462ms] [WARNING] GSAP target null not found. https://greensock.com @ http://localhost:7878/_next/static/chunks/0iu7_next_dist_0sh9w3w._.js:2477
[  564790ms] [WARNING] GSAP target null not found. https://greensock.com @ http://localhost:7878/_next/static/chunks/0iu7_next_dist_0sh9w3w._.js:2477
[  569057ms] [LOG] [Fast Refresh] rebuilding @ http://localhost:7878/_next/static/chunks/0iu7_next_dist_0sh9w3w._.js:2477
[  569478ms] [LOG] [Fast Refresh] done in 523ms @ http://localhost:7878/_next/static/chunks/0iu7_next_dist_0sh9w3w._.js:2477
[  571082ms] [ERROR] Failed to load resource: the server responded with a status of 404 (Not Found) @ http://localhost:7878/cdn-cgi/scripts/5c5dd728/cloudflare-static/email-decode.min.js:0
[  571137ms] [INFO] %cDownload the React DevTools for a better development experience: https://react.dev/link/react-devtools font-weight:bold @ http://localhost:7878/_next/static/chunks/0iu7_next_dist_0sh9w3w._.js:2477
[  571784ms] [LOG] [HMR] connected @ http://localhost:7878/_next/static/chunks/0iu7_next_dist_0sh9w3w._.js:2477
[  571900ms] [ERROR] Failed to load resource: the server responded with a status of 404 (Not Found) @ http://localhost:7878/cdn-cgi/scripts/7d0fa10a/cloudflare-static/rocket-loader.min.js:0
[  572077ms] [WARNING] No <base> tag defined, Router may not work properly [computed base: http://localhost:7878/en/2026/06/30/]. @ http://localhost:7878/_next/static/chunks/0iu7_next_dist_0sh9w3w._.js:2477
[  572230ms] [WARNING] GSAP target  not found. https://greensock.com @ http://localhost:7878/_next/static/chunks/0iu7_next_dist_0sh9w3w._.js:2477
[  573292ms] [LOG] [Fast Refresh] rebuilding @ http://localhost:7878/_next/static/chunks/0iu7_next_dist_0sh9w3w._.js:2477
[  573710ms] [LOG] [Fast Refresh] done in 518ms @ http://localhost:7878/_next/static/chunks/0iu7_next_dist_0sh9w3w._.js:2477
[  573779ms] [ERROR] Failed to load resource: the server responded with a status of 404 (Not Found) @ http://localhost:7878/cdn-cgi/rum?:0
[  578618ms] [INFO] %cDownload the React DevTools for a better development experience: https://react.dev/link/react-devtools font-weight:bold @ http://localhost:7878/_next/static/chunks/0iu7_next_dist_0sh9w3w._.js:2477
[  578719ms] [LOG] [HMR] connected @ http://localhost:7878/_next/static/chunks/0iu7_next_dist_0sh9w3w._.js:2477
[  578892ms] [WARNING] No <base> tag defined, Router may not work properly [computed base: http://localhost:7878/]. @ http://localhost:7878/_next/static/chunks/0iu7_next_dist_0sh9w3w._.js:2477
[  579310ms] [WARNING] GSAP target  not found. https://greensock.com @ http://localhost:7878/_next/static/chunks/0iu7_next_dist_0sh9w3w._.js:2477
