[     301ms] [ERROR] Failed to load resource: the server responded with a status of 404 (Not Found) @ http://localhost:7878/cdn-cgi/scripts/5c5dd728/cloudflare-static/email-decode.min.js:0
[     380ms] [INFO] %cDownload the React DevTools for a better development experience: https://react.dev/link/react-devtools font-weight:bold @ http://localhost:7878/_next/static/chunks/0iu7_next_dist_0sh9w3w._.js:2477
[     541ms] [ERROR] Failed to load resource: the server responded with a status of 404 (Not Found) @ http://localhost:7878/cdn-cgi/scripts/7d0fa10a/cloudflare-static/rocket-loader.min.js:0
[     557ms] [LOG] [HMR] connected @ http://localhost:7878/_next/static/chunks/0iu7_next_dist_0sh9w3w._.js:2477
[    1433ms] [ERROR] Failed to load resource: the server responded with a status of 404 (Not Found) @ http://localhost:7878/cdn-cgi/rum?:0
[    1437ms] [LOG] [Fast Refresh] rebuilding @ http://localhost:7878/_next/static/chunks/0iu7_next_dist_0sh9w3w._.js:2477
[    1439ms] [LOG] [Fast Refresh] done in 124ms @ http://localhost:7878/_next/static/chunks/0iu7_next_dist_0sh9w3w._.js:2477
[    1566ms] [WARNING] No <base> tag defined, Router may not work properly [computed base: http://localhost:7878/]. @ http://localhost:7878/_next/static/chunks/0iu7_next_dist_0sh9w3w._.js:2477
[    1922ms] [WARNING] GSAP target  not found. https://greensock.com @ http://localhost:7878/_next/static/chunks/0iu7_next_dist_0sh9w3w._.js:2477
[  133130ms] [ERROR] Failed to load resource: the server responded with a status of 404 (Not Found) @ http://localhost:7878/cdn-cgi/scripts/5c5dd728/cloudflare-static/email-decode.min.js:0
[  133234ms] [INFO] %cDownload the React DevTools for a better development experience: https://react.dev/link/react-devtools font-weight:bold @ http://localhost:7878/_next/static/chunks/0iu7_next_dist_0sh9w3w._.js:2477
[  133325ms] [LOG] [HMR] connected @ http://localhost:7878/_next/static/chunks/0iu7_next_dist_0sh9w3w._.js:2477
[  133344ms] [ERROR] Failed to load resource: the server responded with a status of 404 (Not Found) @ http://localhost:7878/cdn-cgi/scripts/7d0fa10a/cloudflare-static/rocket-loader.min.js:0
[  134162ms] [ERROR] Failed to load resource: the server responded with a status of 404 (Not Found) @ http://localhost:7878/cdn-cgi/rum?:0
[  134216ms] [WARNING] No <base> tag defined, Router may not work properly [computed base: http://localhost:7878/]. @ http://localhost:7878/_next/static/chunks/0iu7_next_dist_0sh9w3w._.js:2477
[  134519ms] [WARNING] GSAP target  not found. https://greensock.com @ http://localhost:7878/_next/static/chunks/0iu7_next_dist_0sh9w3w._.js:2477
[  300861ms] [LOG] [Fast Refresh] rebuilding @ http://localhost:7878/_next/static/chunks/0iu7_next_dist_0sh9w3w._.js:2477
[  301095ms] [LOG] [Fast Refresh] done in 336ms @ http://localhost:7878/_next/static/chunks/0iu7_next_dist_0sh9w3w._.js:2477
[  305278ms] [ERROR] Failed to load resource: the server responded with a status of 404 (Not Found) @ http://localhost:7878/cdn-cgi/scripts/5c5dd728/cloudflare-static/email-decode.min.js:0
[  305348ms] [INFO] %cDownload the React DevTools for a better development experience: https://react.dev/link/react-devtools font-weight:bold @ http://localhost:7878/_next/static/chunks/0iu7_next_dist_0sh9w3w._.js:2477
[  305414ms] [LOG] [HMR] connected @ http://localhost:7878/_next/static/chunks/0iu7_next_dist_0sh9w3w._.js:2477
[  305443ms] [ERROR] Failed to load resource: the server responded with a status of 404 (Not Found) @ http://localhost:7878/cdn-cgi/scripts/7d0fa10a/cloudflare-static/rocket-loader.min.js:0
[  306233ms] [ERROR] Failed to load resource: the server responded with a status of 404 (Not Found) @ http://localhost:7878/cdn-cgi/rum?:0
[  306325ms] [WARNING] No <base> tag defined, Router may not work properly [computed base: http://localhost:7878/]. @ http://localhost:7878/_next/static/chunks/0iu7_next_dist_0sh9w3w._.js:2477
[  306561ms] [WARNING] GSAP target  not found. https://greensock.com @ http://localhost:7878/_next/static/chunks/0iu7_next_dist_0sh9w3w._.js:2477
[  417560ms] [LOG] [Fast Refresh] rebuilding @ http://localhost:7878/_next/static/chunks/0iu7_next_dist_0sh9w3w._.js:2477
[  417873ms] [LOG] [Fast Refresh] done in 330ms @ http://localhost:7878/_next/static/chunks/0iu7_next_dist_0sh9w3w._.js:2477
[  599094ms] [ERROR] Failed to load resource: the server responded with a status of 404 (Not Found) @ http://localhost:7878/cdn-cgi/scripts/5c5dd728/cloudflare-static/email-decode.min.js:0
[  599189ms] [INFO] %cDownload the React DevTools for a better development experience: https://react.dev/link/react-devtools font-weight:bold @ http://localhost:7878/_next/static/chunks/0iu7_next_dist_0sh9w3w._.js:2477
[  599250ms] [LOG] [HMR] connected @ http://localhost:7878/_next/static/chunks/0iu7_next_dist_0sh9w3w._.js:2477
[  599271ms] [ERROR] Failed to load resource: the server responded with a status of 404 (Not Found) @ http://localhost:7878/cdn-cgi/scripts/7d0fa10a/cloudflare-static/rocket-loader.min.js:0
[  600408ms] [ERROR] Failed to load resource: the server responded with a status of 404 (Not Found) @ http://localhost:7878/cdn-cgi/rum?:0
[  600491ms] [WARNING] No <base> tag defined, Router may not work properly [computed base: http://localhost:7878/]. @ http://localhost:7878/_next/static/chunks/0iu7_next_dist_0sh9w3w._.js:2477
[  600780ms] [WARNING] GSAP target  not found. https://greensock.com @ http://localhost:7878/_next/static/chunks/0iu7_next_dist_0sh9w3w._.js:2477
