[     408ms] [ERROR] Failed to load resource: the server responded with a status of 404 (Not Found) @ http://localhost:7878/cdn-cgi/scripts/5c5dd728/cloudflare-static/email-decode.min.js:0
[     453ms] [INFO] %cDownload the React DevTools for a better development experience: https://react.dev/link/react-devtools font-weight:bold @ http://localhost:7878/_next/static/chunks/0iu7_next_dist_0sh9w3w._.js:2477
[     509ms] [ERROR] Failed to load resource: the server responded with a status of 404 (Not Found) @ http://localhost:7878/images/news-blog3.jpg:0
[     564ms] [LOG] [HMR] connected @ http://localhost:7878/_next/static/chunks/0iu7_next_dist_0sh9w3w._.js:2477
[     579ms] [ERROR] Failed to load resource: the server responded with a status of 404 (Not Found) @ http://localhost:7878/images/news-blog4.jpg:0
[     612ms] [ERROR] Encountered a script tag while rendering React component. Scripts inside React components are never executed when rendering on the client. Consider using template tag instead (https://developer.mozilla.org/en-US/docs/Web/HTML/Element/template). @ http://localhost:7878/_next/static/chunks/0iu7_next_dist_0sh9w3w._.js:3318
[     625ms] [WARNING] A speculation rule set was inserted into the document but will be ignored. This might happen, for example, if it was previously inserted into another document, or if it was created using the innerHTML setter. @ http://localhost:7878/_next/static/chunks/0iu7_next_dist_compiled_react-dom_1syh3p6._.js:7469
[     623ms] Error: Hydration failed because the server rendered HTML didn't match the client. As a result this tree will be regenerated on the client. This can happen if a SSR-ed Client Component used:

- A server/client branch `if (typeof window !== 'undefined')`.
- Variable input such as `Date.now()` or `Math.random()` which changes each time it's called.
- Date formatting in a user's locale which doesn't match the server.
- External changing data without sending a snapshot of it along with the HTML.
- Invalid HTML tag nesting.

It can also happen if the client has a browser extension installed which messes with the HTML before React loaded.

https://react.dev/link/hydration-mismatch

  ...
    <RenderFromTemplateContext>
      <ScrollAndMaybeFocusHandler cacheNode={{rsc:{...}, ...}}>
        <InnerScrollAndFocusHandlerOld focusAndScrollRef={{scrollRef:null, ...}} cacheNode={{rsc:{...}, ...}}>
          <ErrorBoundary errorComponent={undefined} errorStyles={undefined} errorScripts={undefined}>
            <LoadingBoundary name="en/" loading={null}>
              <HTTPAccessFallbackBoundary notFound={undefined} forbidden={undefined} unauthorized={undefined}>
                <RedirectBoundary>
                  <RedirectErrorBoundary router={{...}}>
                    <InnerLayoutRouter url="/en" tree={[...]} params={{slug:[...]}} cacheNode={{rsc:{...}, ...}} ...>
                      <SegmentViewNode type="page" pagePath="[...slug]/...">
                        <SegmentTrieNode>
                        <DynamicPage>
                          <PageTransition>
                          <script>
                          <div>
                          <Script src="/js/email-..." strategy="beforeInte...">
+                           <script nonce={undefined} dangerouslySetInnerHTML={{__html:"(self.__ne..."}}>
-                           {"\n    "}
                          ...
                      ...
                    ...
          ...

    at throwOnHydrationMismatch (http://localhost:7878/_next/static/chunks/0iu7_next_dist_compiled_react-dom_1syh3p6._.js:3318:56)
    at beginWork (http://localhost:7878/_next/static/chunks/0iu7_next_dist_compiled_react-dom_1syh3p6._.js:6758:918)
    at runWithFiberInDEV (http://localhost:7878/_next/static/chunks/0iu7_next_dist_compiled_react-dom_1syh3p6._.js:965:74)
    at performUnitOfWork (http://localhost:7878/_next/static/chunks/0iu7_next_dist_compiled_react-dom_1syh3p6._.js:9555:97)
    at workLoopConcurrentByScheduler (http://localhost:7878/_next/static/chunks/0iu7_next_dist_compiled_react-dom_1syh3p6._.js:9551:58)
    at renderRootConcurrent (http://localhost:7878/_next/static/chunks/0iu7_next_dist_compiled_react-dom_1syh3p6._.js:9534:71)
    at performWorkOnRoot (http://localhost:7878/_next/static/chunks/0iu7_next_dist_compiled_react-dom_1syh3p6._.js:9061:150)
    at performWorkOnRootViaSchedulerTask (http://localhost:7878/_next/static/chunks/0iu7_next_dist_compiled_react-dom_1syh3p6._.js:10255:9)
    at MessagePort.performWorkUntilDeadline (http://localhost:7878/_next/static/chunks/0iu7_next_dist_compiled_111yti5._.js:2647:64)
[     821ms] [ERROR] Failed to load resource: the server responded with a status of 404 (Not Found) @ http://localhost:7878/images/news-blog3.jpg:0
[     827ms] [ERROR] Failed to load resource: the server responded with a status of 404 (Not Found) @ http://localhost:7878/cdn-cgi/scripts/7d0fa10a/cloudflare-static/rocket-loader.min.js:0
[     968ms] [ERROR] Failed to load resource: the server responded with a status of 404 (Not Found) @ http://localhost:7878/cdn-cgi/rum?:0
[    1170ms] [WARNING] No <base> tag defined, Router may not work properly [computed base: http://localhost:7878/]. @ http://localhost:7878/_next/static/chunks/0iu7_next_dist_0sh9w3w._.js:2477
[    1497ms] [WARNING] GSAP target  not found. https://greensock.com @ http://localhost:7878/_next/static/chunks/0iu7_next_dist_0sh9w3w._.js:2477
[  216921ms] [LOG] [Fast Refresh] rebuilding @ http://localhost:7878/_next/static/chunks/0iu7_next_dist_0sh9w3w._.js:2477
[  217329ms] [LOG] [Fast Refresh] done in 47ms @ http://localhost:7878/_next/static/chunks/0iu7_next_dist_0sh9w3w._.js:2477
[  217448ms] [LOG] [Fast Refresh] rebuilding @ http://localhost:7878/_next/static/chunks/0iu7_next_dist_0sh9w3w._.js:2477
[  217671ms] [LOG] [Fast Refresh] done in 327ms @ http://localhost:7878/_next/static/chunks/0iu7_next_dist_0sh9w3w._.js:2477
[  218509ms] [LOG] [Fast Refresh] rebuilding @ http://localhost:7878/_next/static/chunks/0iu7_next_dist_0sh9w3w._.js:2477
[  218717ms] [LOG] [Fast Refresh] done in 320ms @ http://localhost:7878/_next/static/chunks/0iu7_next_dist_0sh9w3w._.js:2477
[  218812ms] [ERROR] Failed to load resource: the server responded with a status of 404 (Not Found) @ http://localhost:7878/images/news-blog4.jpg:0
[  218836ms] [ERROR] Failed to load resource: the server responded with a status of 404 (Not Found) @ http://localhost:7878/images/news-blog3.jpg:0
[  218977ms] [LOG] [Fast Refresh] rebuilding @ http://localhost:7878/_next/static/chunks/0iu7_next_dist_0sh9w3w._.js:2477
[  219561ms] [LOG] [Fast Refresh] done in 691ms @ http://localhost:7878/_next/static/chunks/0iu7_next_dist_0sh9w3w._.js:2477
[  222281ms] [WARNING] The resource http://localhost:7878/js/app-16e2282a.js was preloaded using link preload but not used within a few seconds from the window's load event. Please make sure it has an appropriate `as` value and it is preloaded intentionally. @ http://localhost:7878/en:0
